
128x128@2.tar
64@openssh.com
64x64@2.tar
adikushnir@gmail.com
agi@inittab.org
agmartin@debian.org
alex@googlemail.com
alvar@meiko.co
and1000@debian.org
aron@debian.org
beattie@canonical.com
biebl@debian.org
bigon@debian.org
billh@gnome.org
 birkir@midstod.is
brian@canonical.com
buchal@brailcom.org
chlor@schou.dk
clameter@debian.org
cmbrannon79@gmail.com
coscell@gmail.com
cwendling@hypra.fr
dave@mielke.cc
davies@canonical.com
devel@lists.alioth
didier@slint.fr
 director@chpi.org
director@chpi.org
dressler@gmail.com
e2scrub@host.domain
ejad@debian.org
email@example.com
filippo@debian.org
fudge@thefudge.net
garycramblitt@comcast.net
gcasse@oralux.org
gunnarhj@ubuntu.com
hmh@debian.org
hmh@rcm.org
hubbs@gmail.com
hussainmkj@gmail.com
intrigeri@boum.org
iwamatsu@debian.org
jamie@canonical.com
jmccann@redhat.com
jmknoble@mercury.interpath
jon@jon.demon
jplejacq@quoininc.com
jtang@tresys.com
kees@ubuntu.com
kel@otaku42.de
Kholodnyi@gmail.com
kirkland@canonical.com
langasek@canonical.com
license@farsiweb.info
limonciello@dell.com
listaddr1@gmx.net
mardsjo@icap.nu
martin@piware.de
matus@gmail.com
mick@kulgan.net
mike@piratehaven.org
  miquels@cistron.nl
mlang@delysid.org
mramadan@nattiq.com
mueller@teamix.net
muzeo@wanadoo.fr
nico@fluxnic.net
obert01@mistigri.org
osamu@debian.org
pitt@ubuntu.com
printing@lists.debian
quigley@canonical.com
rafael@debian.org
rene@debian.org
rleigh@debian.org
rmurray@debian.org
rob@mars.org
rpoitevin@hypra.fr
rq@akl.lt
ruiandrebatista@gmail.com
sable@users.sourceforge
saunders@gmail.com
sivill@viewplus.com
sjoerd@debian.org
speechd@freebsoft.org
themuso@themuso.com
themuso@ubuntu.com
tytso@mit.edu
Ungier@ViewPlus.com
user@example.com
username@site.domain
vtsaran@gmail.com
walters@debian.org
x@lists.debian
yan@mistigri.org
zsolt@infoalap.hu

128x128@2.tar
64@openssh.com
64x64@2.tar
adikushnir@gmail.com
agi@inittab.org
agmartin@debian.org
alex@googlemail.com
alvar@meiko.co
and1000@debian.org
aron@debian.org
beattie@canonical.com
biebl@debian.org
bigon@debian.org
billh@gnome.org
 birkir@midstod.is
brian@canonical.com
buchal@brailcom.org
chlor@schou.dk
clameter@debian.org
cmbrannon79@gmail.com
coscell@gmail.com
cwendling@hypra.fr
dave@mielke.cc
davies@canonical.com
devel@lists.alioth
didier@slint.fr
 director@chpi.org
director@chpi.org
dressler@gmail.com
e2scrub@host.domain
ejad@debian.org
email@example.com
filippo@debian.org
fudge@thefudge.net
garycramblitt@comcast.net
gcasse@oralux.org
gunnarhj@ubuntu.com
hmh@debian.org
hmh@rcm.org
hubbs@gmail.com
hussainmkj@gmail.com
intrigeri@boum.org
iwamatsu@debian.org
jamie@canonical.com
jmccann@redhat.com
jmknoble@mercury.interpath
jon@jon.demon
jplejacq@quoininc.com
jtang@tresys.com
kees@ubuntu.com
kel@otaku42.de
Kholodnyi@gmail.com
kirkland@canonical.com
langasek@canonical.com
license@farsiweb.info
limonciello@dell.com
listaddr1@gmx.net
mardsjo@icap.nu
martin@piware.de
matus@gmail.com
mick@kulgan.net
mike@piratehaven.org
  miquels@cistron.nl
mlang@delysid.org
mramadan@nattiq.com
mueller@teamix.net
muzeo@wanadoo.fr
nico@fluxnic.net
obert01@mistigri.org
osamu@debian.org
pitt@ubuntu.com
printing@lists.debian
quigley@canonical.com
rafael@debian.org
rene@debian.org
rleigh@debian.org
rmurray@debian.org
rob@mars.org
rpoitevin@hypra.fr
rq@akl.lt
ruiandrebatista@gmail.com
sable@users.sourceforge
saunders@gmail.com
sivill@viewplus.com
sjoerd@debian.org
speechd@freebsoft.org
themuso@themuso.com
themuso@ubuntu.com
tytso@mit.edu
Ungier@ViewPlus.com
user@example.com
username@site.domain
vtsaran@gmail.com
walters@debian.org
x@lists.debian
yan@mistigri.org
zsolt@infoalap.hu
